============================= test session starts =============================
platform win32 -- Python 3.14.0, pytest-9.1.0, pluggy-1.6.0
django: version: 4.2.6, settings: care_ride.settings (from ini)
rootdir: C:\Users\nasha\OneDrive\zlaqa\CareRide\backend
configfile: pytest.ini (WARNING: ignoring pytest config in pyproject.toml!)
plugins: anyio-4.13.0, cov-7.1.0, django-4.12.0
collected 49 items

rides\tests.py .                                                         [  2%]
tests\test_ai.py .                                                       [  4%]
tests\test_ai_advanced.py FFFF.F                                         [ 16%]
tests\test_auth.py .                                                     [ 18%]
tests\test_authentication.py F.                                          [ 22%]
tests\test_rides.py FF..F.F                                              [ 36%]
tests\test_serializers.py .FF.                                           [ 44%]
tests\test_users.py ..F...FFFF..                                         [ 69%]
tests\test_views.py ....                                                 [ 77%]
tests\test_workflow.py F.F..                                             [ 87%]
tests\test_authentication.py ......                                      [100%]

================================== FAILURES ===================================
______________________ test_recommendation_with_helpers _______________________

mock_generate_content = <MagicMock name='generate_content' id='2669944522128'>
base_setup = (<rest_framework.test.APIClient object at 0x0000026DA9B9A210>, <TravelRequest: Rider | A \u2192 B>, <Helper: H1>)

    @pytest.mark.django_db
    @patch("google.generativeai.GenerativeModel.generate_content")
    def test_recommendation_with_helpers(mock_generate_content, base_setup):
        client, tr, helper = base_setup
    
        mock_response = MagicMock()
        mock_response.text = f'{{"recommended_helpers": [{{"helper_id": {helper.id}, "match_score": 95, "reason": "Good match", "ai_rank": 1}}], "summary": "Found helpers", "model_used": "test"}}'
        mock_generate_content.return_value = mock_response
    
        response = client.post("/api/ai/recommend-helper/", {"travel_request_id": tr.id}, format="json")
    
>       assert response.status_code == 201
E       assert 403 == 201
E        +  where 403 = <Response status_code=403, "application/json">.status_code

tests\test_ai_advanced.py:40: AssertionError
------------------------------ Captured log call ------------------------------
WARNING  django.request:log.py:241 Forbidden: /api/ai/recommend-helper/
_______________________ test_recommendation_ai_failure ________________________

mock_generate_content = <MagicMock name='generate_content' id='2669944532544'>
base_setup = (<rest_framework.test.APIClient object at 0x0000026DA9900CD0>, <TravelRequest: Rider | A \u2192 B>, <Helper: H1>)

    @pytest.mark.django_db
    @patch("google.generativeai.GenerativeModel.generate_content")
    def test_recommendation_ai_failure(mock_generate_content, base_setup):
        client, tr, _ = base_setup
    
        mock_generate_content.side_effect = Exception("API limit reached")
    
        response = client.post("/api/ai/recommend-helper/", {"travel_request_id": tr.id}, format="json")
    
        # Custom fallback or 500
>       assert response.status_code in [400, 500, 503]
E       assert 403 in [400, 500, 503]
E        +  where 403 = <Response status_code=403, "application/json">.status_code

tests\test_ai_advanced.py:54: AssertionError
------------------------------ Captured log call ------------------------------
WARNING  django.request:log.py:241 Forbidden: /api/ai/recommend-helper/
_____________________ test_recommendation_missing_request _____________________

base_setup = (<rest_framework.test.APIClient object at 0x0000026DA9C0D5B0>, <TravelRequest: Rider | A \u2192 B>, <Helper: H1>)

    @pytest.mark.django_db
    def test_recommendation_missing_request(base_setup):
        client, _, _ = base_setup
        response = client.post("/api/ai/recommend-helper/", {}, format="json")
>       assert response.status_code == 400
E       assert 403 == 400
E        +  where 403 = <Response status_code=403, "application/json">.status_code

tests\test_ai_advanced.py:60: AssertionError
------------------------------ Captured log call ------------------------------
WARNING  django.request:log.py:241 Forbidden: /api/ai/recommend-helper/
__________________________ test_ai_chat_view_success __________________________

args = ()
keywargs = {'base_setup': (<rest_framework.test.APIClient object at 0x0000026DA9C0D220>, <TravelRequest: Rider | A \u2192 B>, <Helper: H1>)}

    @wraps(func)
    def patched(*args, **keywargs):
>       with self.decoration_helper(patched,
                                    args,
                                    keywargs) as (newargs, newkeywargs):

C:\Python314\Lib\unittest\mock.py:1429: 
_ _ _ _ _ _ _ _ _ _ _ _ _ _ _ _ _ _ _ _ _ _ _ _ _ _ _ _ _ _ _ _ _ _ _ _ _ _ _ _
C:\Python314\Lib\contextlib.py:141: in __enter__
    return next(self.gen)
           ^^^^^^^^^^^^^^
C:\Python314\Lib\unittest\mock.py:1411: in decoration_helper
    arg = exit_stack.enter_context(patching)
          ^^^^^^^^^^^^^^^^^^^^^^^^^^^^^^^^^^
C:\Python314\Lib\contextlib.py:530: in enter_context
    result = _enter(cm)
             ^^^^^^^^^^
C:\Python314\Lib\unittest\mock.py:1487: in __enter__
    self.target = self.getter()
                  ^^^^^^^^^^^^^
_ _ _ _ _ _ _ _ _ _ _ _ _ _ _ _ _ _ _ _ _ _ _ _ _ _ _ _ _ _ _ _ _ _ _ _ _ _ _ _

name = 'ai_services.assistant.CareRideAssistant'

    def resolve_name(name):
        """
        Resolve a name to an object.
    
        It is expected that `name` will be a string in one of the following
        formats, where W is shorthand for a valid Python identifier and dot stands
        for a literal period in these pseudo-regexes:
    
        W(.W)*
        W(.W)*:(W(.W)*)?
    
        The first form is intended for backward compatibility only. It assumes that
        some part of the dotted name is a package, and the rest is an object
        somewhere within that package, possibly nested inside other objects.
        Because the place where the package stops and the object hierarchy starts
        can't be inferred by inspection, repeated attempts to import must be done
        with this form.
    
        In the second form, the caller makes the division point clear through the
        provision of a single colon: the dotted name to the left of the colon is a
        package to be imported, and the dotted name to the right is the object
        hierarchy within that package. Only one import is needed in this form. If
        it ends with the colon, then a module object is returned.
    
        The function will return an object (which might be a module), or raise one
        of the following exceptions:
    
        ValueError - if `name` isn't in a recognised format
        ImportError - if an import failed when it shouldn't have
        AttributeError - if a failure occurred when traversing the object hierarchy
                         within the imported package to get to the desired object.
        """
        global _NAME_PATTERN
        if _NAME_PATTERN is None:
            # Lazy import to speedup Python startup time
            import re
            dotted_words = r'(?!\d)(\w+)(\.(?!\d)(\w+))*'
            _NAME_PATTERN = re.compile(f'^(?P<pkg>{dotted_words})'
                                       f'(?P<cln>:(?P<obj>{dotted_words})?)?$',
                                       re.UNICODE)
    
        m = _NAME_PATTERN.match(name)
        if not m:
            raise ValueError(f'invalid format: {name!r}')
        gd = m.groupdict()
        if gd.get('cln'):
            # there is a colon - a one-step import is all that's needed
            mod = importlib.import_module(gd['pkg'])
            parts = gd.get('obj')
            parts = parts.split('.') if parts else []
        else:
            # no colon - have to iterate to find the package boundary
            parts = name.split('.')
            modname = parts.pop(0)
            # first part *must* be a module/package.
            mod = importlib.import_module(modname)
            while parts:
                p = parts[0]
                s = f'{modname}.{p}'
                try:
                    mod = importlib.import_module(s)
                    parts.pop(0)
                    modname = s
                except ImportError:
                    break
        # if we reach this point, mod is the module, already imported, and
        # parts is the list of parts in the object hierarchy to be traversed, or
        # an empty list if just the module is wanted.
        result = mod
        for p in parts:
>           result = getattr(result, p)
                     ^^^^^^^^^^^^^^^^^^
E           AttributeError: module 'ai_services.assistant' has no attribute 'CareRideAssistant'

C:\Python314\Lib\pkgutil.py:473: AttributeError
___________________________ test_ai_chat_view_error ___________________________

args = ()
keywargs = {'base_setup': (<rest_framework.test.APIClient object at 0x0000026DA9FBC050>, <TravelRequest: Rider | A \u2192 B>, <Helper: H1>)}

    @wraps(func)
    def patched(*args, **keywargs):
>       with self.decoration_helper(patched,
                                    args,
                                    keywargs) as (newargs, newkeywargs):

C:\Python314\Lib\unittest\mock.py:1429: 
_ _ _ _ _ _ _ _ _ _ _ _ _ _ _ _ _ _ _ _ _ _ _ _ _ _ _ _ _ _ _ _ _ _ _ _ _ _ _ _
C:\Python314\Lib\contextlib.py:141: in __enter__
    return next(self.gen)
           ^^^^^^^^^^^^^^
C:\Python314\Lib\unittest\mock.py:1411: in decoration_helper
    arg = exit_stack.enter_context(patching)
          ^^^^^^^^^^^^^^^^^^^^^^^^^^^^^^^^^^
C:\Python314\Lib\contextlib.py:530: in enter_context
    result = _enter(cm)
             ^^^^^^^^^^
C:\Python314\Lib\unittest\mock.py:1487: in __enter__
    self.target = self.getter()
                  ^^^^^^^^^^^^^
_ _ _ _ _ _ _ _ _ _ _ _ _ _ _ _ _ _ _ _ _ _ _ _ _ _ _ _ _ _ _ _ _ _ _ _ _ _ _ _

name = 'ai_services.assistant.CareRideAssistant'

    def resolve_name(name):
        """
        Resolve a name to an object.
    
        It is expected that `name` will be a string in one of the following
        formats, where W is shorthand for a valid Python identifier and dot stands
        for a literal period in these pseudo-regexes:
    
        W(.W)*
        W(.W)*:(W(.W)*)?
    
        The first form is intended for backward compatibility only. It assumes that
        some part of the dotted name is a package, and the rest is an object
        somewhere within that package, possibly nested inside other objects.
        Because the place where the package stops and the object hierarchy starts
        can't be inferred by inspection, repeated attempts to import must be done
        with this form.
    
        In the second form, the caller makes the division point clear through the
        provision of a single colon: the dotted name to the left of the colon is a
        package to be imported, and the dotted name to the right is the object
        hierarchy within that package. Only one import is needed in this form. If
        it ends with the colon, then a module object is returned.
    
        The function will return an object (which might be a module), or raise one
        of the following exceptions:
    
        ValueError - if `name` isn't in a recognised format
        ImportError - if an import failed when it shouldn't have
        AttributeError - if a failure occurred when traversing the object hierarchy
                         within the imported package to get to the desired object.
        """
        global _NAME_PATTERN
        if _NAME_PATTERN is None:
            # Lazy import to speedup Python startup time
            import re
            dotted_words = r'(?!\d)(\w+)(\.(?!\d)(\w+))*'
            _NAME_PATTERN = re.compile(f'^(?P<pkg>{dotted_words})'
                                       f'(?P<cln>:(?P<obj>{dotted_words})?)?$',
                                       re.UNICODE)
    
        m = _NAME_PATTERN.match(name)
        if not m:
            raise ValueError(f'invalid format: {name!r}')
        gd = m.groupdict()
        if gd.get('cln'):
            # there is a colon - a one-step import is all that's needed
            mod = importlib.import_module(gd['pkg'])
            parts = gd.get('obj')
            parts = parts.split('.') if parts else []
        else:
            # no colon - have to iterate to find the package boundary
            parts = name.split('.')
            modname = parts.pop(0)
            # first part *must* be a module/package.
            mod = importlib.import_module(modname)
            while parts:
                p = parts[0]
                s = f'{modname}.{p}'
                try:
                    mod = importlib.import_module(s)
                    parts.pop(0)
                    modname = s
                except ImportError:
                    break
        # if we reach this point, mod is the module, already imported, and
        # parts is the list of parts in the object hierarchy to be traversed, or
        # an empty list if just the module is wanted.
        result = mod
        for p in parts:
>           result = getattr(result, p)
                     ^^^^^^^^^^^^^^^^^^
E           AttributeError: module 'ai_services.assistant' has no attribute 'CareRideAssistant'

C:\Python314\Lib\pkgutil.py:473: AttributeError
_______________________________ test_valid_jwt ________________________________

mock_supabase = <MagicMock name='get_supabase' id='2670021932912'>
auth_class = <users.authentication.SupabaseAuthentication object at 0x0000026DA9FBC5A0>

    @pytest.mark.django_db
    @patch("users.authentication.get_supabase")
    def test_valid_jwt(mock_supabase, auth_class):
        UserProfile.objects.create(email="test@test.com", auth_user_id="00000000-0000-0000-0000-000000000001")
    
        mock_client = Mock()
        mock_user_response = Mock()
        mock_user_response.user.id = "00000000-0000-0000-0000-000000000001"
        mock_client.auth.get_user.return_value = mock_user_response
        mock_supabase.return_value = mock_client
    
        request = MockRequest(auth_header="Bearer valid-token")
        result = auth_class.authenticate(request)
    
        assert result is not None
>       assert result[0].auth_user_id == "00000000-0000-0000-0000-000000000001"
E       AssertionError: assert UUID('00000000-0000-0000-0000-000000000001') == '00000000-0000-0000-0000-000000000001'
E        +  where UUID('00000000-0000-0000-0000-000000000001') = <UserProfile:  ()>.auth_user_id

tests\test_authentication.py:32: AssertionError
__________________________ test_create_ride_success ___________________________

api_client = <rest_framework.test.APIClient object at 0x0000026DA9E00750>
rider_user = (<User: rider>, <UserProfile: Rider (rider)>)

    @pytest.mark.django_db
    def test_create_ride_success(api_client, rider_user):
        user, profile = rider_user
        api_client.force_authenticate(user=user)
    
        payload = {
            "pickup_location": "A",
            "destination": "B",
            "travel_date": (date.today() + timedelta(days=2)).strftime("%Y-%m-%d"),
            "travel_time": "10:00",
            "service_type": "Hospital visit",
            "assistance_type": "Wheelchair",
            "assistance_level": "Medium"
        }
    
        response = api_client.post("/api/travel-requests/", payload, format="json")
>       assert response.status_code == 201
E       assert 400 == 201
E        +  where 400 = <Response status_code=400, "application/json">.status_code

tests\test_rides.py:58: AssertionError
------------------------------ Captured log call ------------------------------
WARNING  django.request:log.py:241 Bad Request: /api/travel-requests/
_____________________ test_create_ride_incomplete_profile _____________________

self = <django.db.models.fields.UUIDField: auth_user_id>, value = 'rider-456'

    def to_python(self, value):
        if value is not None and not isinstance(value, uuid.UUID):
            input_form = "int" if isinstance(value, int) else "hex"
            try:
>               return uuid.UUID(**{input_form: value})
                       ^^^^^^^^^^^^^^^^^^^^^^^^^^^^^^^^

..\..\..\..\AppData\Roaming\Python\Python314\site-packages\django\db\models\fields\__init__.py:2688: 
_ _ _ _ _ _ _ _ _ _ _ _ _ _ _ _ _ _ _ _ _ _ _ _ _ _ _ _ _ _ _ _ _ _ _ _ _ _ _ _

self = <[AttributeError("'uuid.UUID' object has no attribute 'int'") raised in repr()] UUID object at 0x26daa5c4d50>
hex = 'rider456', bytes = None, bytes_le = None, fields = None, int = None
version = None, is_safe = <SafeUUID.unknown: None>

    def __init__(self, hex=None, bytes=None, bytes_le=None, fields=None,
                       int=None, version=None,
                       *, is_safe=SafeUUID.unknown):
        r"""Create a UUID from either a string of 32 hexadecimal digits,
        a string of 16 bytes as the 'bytes' argument, a string of 16 bytes
        in little-endian order as the 'bytes_le' argument, a tuple of six
        integers (32-bit time_low, 16-bit time_mid, 16-bit time_hi_version,
        8-bit clock_seq_hi_variant, 8-bit clock_seq_low, 48-bit node) as
        the 'fields' argument, or a single 128-bit integer as the 'int'
        argument.  When a string of hex digits is given, curly braces,
        hyphens, and a URN prefix are all optional.  For example, these
        expressions all yield the same UUID:
    
        UUID('{12345678-1234-5678-1234-567812345678}')
        UUID('12345678123456781234567812345678')
        UUID('urn:uuid:12345678-1234-5678-1234-567812345678')
        UUID(bytes='\x12\x34\x56\x78'*4)
        UUID(bytes_le='\x78\x56\x34\x12\x34\x12\x78\x56' +
                      '\x12\x34\x56\x78\x12\x34\x56\x78')
        UUID(fields=(0x12345678, 0x1234, 0x5678, 0x12, 0x34, 0x567812345678))
        UUID(int=0x12345678123456781234567812345678)
    
        Exactly one of 'hex', 'bytes', 'bytes_le', 'fields', or 'int' must
        be given.  The 'version' argument is optional; if given, the resulting
        UUID will have its variant and version set according to RFC 4122,
        overriding the given 'hex', 'bytes', 'bytes_le', 'fields', or 'int'.
    
        is_safe is an enum exposed as an attribute on the instance.  It
        indicates whether the UUID has been generated in a way that is safe
        for multiprocessing applications, via uuid_generate_time_safe(3).
        """
    
        if [hex, bytes, bytes_le, fields, int].count(None) != 4:
            raise TypeError('one of the hex, bytes, bytes_le, fields, '
                            'or int arguments must be given')
        if int is not None:
            pass
        elif hex is not None:
            hex = hex.replace('urn:', '').replace('uuid:', '')
            hex = hex.strip('{}').replace('-', '')
            if len(hex) != 32:
>               raise ValueError('badly formed hexadecimal UUID string')
E               ValueError: badly formed hexadecimal UUID string

C:\Python314\Lib\uuid.py:219: ValueError

During handling of the above exception, another exception occurred:

api_client = <rest_framework.test.APIClient object at 0x0000026DA9E02450>

    @pytest.mark.django_db
    def test_create_ride_incomplete_profile(api_client):
        user = User.objects.create_user(username="rider2", password="pwd")
        user.auth_user_id = "rider-456"
        user.save()
>       UserProfile.objects.create(email="rider2@test.com", auth_user_id="rider-456", name="Rider", role="rider") # No phone/address
        ^^^^^^^^^^^^^^^^^^^^^^^^^^^^^^^^^^^^^^^^^^^^^^^^^^^^^^^^^^^^^^^^^^^^^^^^^^^^^^^^^^^^^^^^^^^^^^^^^^^^^^^^^

tests\test_rides.py:66: 
_ _ _ _ _ _ _ _ _ _ _ _ _ _ _ _ _ _ _ _ _ _ _ _ _ _ _ _ _ _ _ _ _ _ _ _ _ _ _ _
..\..\..\..\AppData\Roaming\Python\Python314\site-packages\django\db\models\manager.py:87: in manager_method
    return getattr(self.get_queryset(), name)(*args, **kwargs)
           ^^^^^^^^^^^^^^^^^^^^^^^^^^^^^^^^^^^^^^^^^^^^^^^^^^^
..\..\..\..\AppData\Roaming\Python\Python314\site-packages\django\db\models\query.py:658: in create
    obj.save(force_insert=True, using=self.db)
..\..\..\..\AppData\Roaming\Python\Python314\site-packages\django\db\models\base.py:814: in save
    self.save_base(
..\..\..\..\AppData\Roaming\Python\Python314\site-packages\django\db\models\base.py:877: in save_base
    updated = self._save_table(
..\..\..\..\AppData\Roaming\Python\Python314\site-packages\django\db\models\base.py:1020: in _save_table
    results = self._do_insert(
..\..\..\..\AppData\Roaming\Python\Python314\site-packages\django\db\models\base.py:1061: in _do_insert
    return manager._insert(
..\..\..\..\AppData\Roaming\Python\Python314\site-packages\django\db\models\manager.py:87: in manager_method
    return getattr(self.get_queryset(), name)(*args, **kwargs)
           ^^^^^^^^^^^^^^^^^^^^^^^^^^^^^^^^^^^^^^^^^^^^^^^^^^^
..\..\..\..\AppData\Roaming\Python\Python314\site-packages\django\db\models\query.py:1805: in _insert
    return query.get_compiler(using=using).execute_sql(returning_fields)
           ^^^^^^^^^^^^^^^^^^^^^^^^^^^^^^^^^^^^^^^^^^^^^^^^^^^^^^^^^^^^^
..\..\..\..\AppData\Roaming\Python\Python314\site-packages\django\db\models\sql\compiler.py:1821: in execute_sql
    for sql, params in self.as_sql():
                       ^^^^^^^^^^^^^
..\..\..\..\AppData\Roaming\Python\Python314\site-packages\django\db\models\sql\compiler.py:1747: in as_sql
    self.prepare_value(field, self.pre_save_val(field, obj))
..\..\..\..\AppData\Roaming\Python\Python314\site-packages\django\db\models\sql\compiler.py:1686: in prepare_value
    return field.get_db_prep_save(value, connection=self.connection)
           ^^^^^^^^^^^^^^^^^^^^^^^^^^^^^^^^^^^^^^^^^^^^^^^^^^^^^^^^^
..\..\..\..\AppData\Roaming\Python\Python314\site-packages\django\db\models\fields\__init__.py:954: in get_db_prep_save
    return self.get_db_prep_value(value, connection=connection, prepared=False)
           ^^^^^^^^^^^^^^^^^^^^^^^^^^^^^^^^^^^^^^^^^^^^^^^^^^^^^^^^^^^^^^^^^^^^
..\..\..\..\AppData\Roaming\Python\Python314\site-packages\django\db\models\fields\__init__.py:2678: in get_db_prep_value
    value = self.to_python(value)
            ^^^^^^^^^^^^^^^^^^^^^
_ _ _ _ _ _ _ _ _ _ _ _ _ _ _ _ _ _ _ _ _ _ _ _ _ _ _ _ _ _ _ _ _ _ _ _ _ _ _ _

self = <django.db.models.fields.UUIDField: auth_user_id>, value = 'rider-456'

    def to_python(self, value):
        if value is not None and not isinstance(value, uuid.UUID):
            input_form = "int" if isinstance(value, int) else "hex"
            try:
                return uuid.UUID(**{input_form: value})
            except (AttributeError, ValueError):
>               raise exceptions.ValidationError(
                    self.error_messages["invalid"],
                    code="invalid",
                    params={"value": value},
                )
E               django.core.exceptions.ValidationError: ['ôrider-456ö is not a valid UUID.']

..\..\..\..\AppData\Roaming\Python\Python314\site-packages\django\db\models\fields\__init__.py:2690: ValidationError
______________________________ test_decline_ride ______________________________

api_client = <rest_framework.test.APIClient object at 0x0000026DA9FAAB30>
rider_user = (<User: rider>, <UserProfile: Rider (rider)>)
helper_user = (<User: helper>, <UserProfile: Helper (helper)>, <Helper: Helper>)

    @pytest.mark.django_db
    def test_decline_ride(api_client, rider_user, helper_user):
        h_user, _, helper = helper_user
        r_user, profile = rider_user
    
        tr = TravelRequest.objects.create(
            rider=profile,
            pickup_location="A",
            destination="B",
            travel_date=(date.today() + timedelta(days=2)),
            status="Waiting for Helper Response",
            assigned_helper=helper
        )
    
>       MatchRecommendation.objects.create(
            travel_request=tr,
            helper=helper,
            status="Active",
            rank=1
        )

tests\test_rides.py:140: 
_ _ _ _ _ _ _ _ _ _ _ _ _ _ _ _ _ _ _ _ _ _ _ _ _ _ _ _ _ _ _ _ _ _ _ _ _ _ _ _
..\..\..\..\AppData\Roaming\Python\Python314\site-packages\django\db\models\manager.py:87: in manager_method
    return getattr(self.get_queryset(), name)(*args, **kwargs)
           ^^^^^^^^^^^^^^^^^^^^^^^^^^^^^^^^^^^^^^^^^^^^^^^^^^^
..\..\..\..\AppData\Roaming\Python\Python314\site-packages\django\db\models\query.py:656: in create
    obj = self.model(**kwargs)
          ^^^^^^^^^^^^^^^^^^^^
_ _ _ _ _ _ _ _ _ _ _ _ _ _ _ _ _ _ _ _ _ _ _ _ _ _ _ _ _ _ _ _ _ _ _ _ _ _ _ _

self = <MatchRecommendation: Helper \u2192 1>, args = (), kwargs = {'rank': 1}

    def __init__(self, *args, **kwargs):
        # Alias some things as locals to avoid repeat global lookups
        cls = self.__class__
        opts = self._meta
        _setattr = setattr
        _DEFERRED = DEFERRED
        if opts.abstract:
            raise TypeError("Abstract models cannot be instantiated.")
    
        pre_init.send(sender=cls, args=args, kwargs=kwargs)
    
        # Set up the storage for instance state
        self._state = ModelState()
    
        # There is a rather weird disparity here; if kwargs, it's set, then args
        # overrides it. It should be one or the other; don't duplicate the work
        # The reason for the kwargs check is that standard iterator passes in by
        # args, and instantiation for iteration is 33% faster.
        if len(args) > len(opts.concrete_fields):
            # Daft, but matches old exception sans the err msg.
            raise IndexError("Number of args exceeds number of fields")
    
        if not kwargs:
            fields_iter = iter(opts.concrete_fields)
            # The ordering of the zip calls matter - zip throws StopIteration
            # when an iter throws it. So if the first iter throws it, the second
            # is *not* consumed. We rely on this, so don't change the order
            # without changing the logic.
            for val, field in zip(args, fields_iter):
                if val is _DEFERRED:
                    continue
                _setattr(self, field.attname, val)
        else:
            # Slower, kwargs-ready version.
            fields_iter = iter(opts.fields)
            for val, field in zip(args, fields_iter):
                if val is _DEFERRED:
                    continue
                _setattr(self, field.attname, val)
                if kwargs.pop(field.name, NOT_PROVIDED) is not NOT_PROVIDED:
                    raise TypeError(
                        f"{cls.__qualname__}() got both positional and "
                        f"keyword arguments for field '{field.name}'."
                    )
    
        # Now we're left with the unprocessed fields that *must* come from
        # keywords, or default.
    
        for field in fields_iter:
            is_related_object = False
            # Virtual field
            if field.attname not in kwargs and field.column is None:
                continue
            if kwargs:
                if isinstance(field.remote_field, ForeignObjectRel):
                    try:
                        # Assume object instance was passed in.
                        rel_obj = kwargs.pop(field.name)
                        is_related_object = True
                    except KeyError:
                        try:
                            # Object instance wasn't passed in -- must be an ID.
                            val = kwargs.pop(field.attname)
                        except KeyError:
                            val = field.get_default()
                else:
                    try:
                        val = kwargs.pop(field.attname)
                    except KeyError:
                        # This is done with an exception rather than the
                        # default argument on pop because we don't want
                        # get_default() to be evaluated, and then not used.
                        # Refs #12057.
                        val = field.get_default()
            else:
                val = field.get_default()
    
            if is_related_object:
                # If we are passed a related instance, set it using the
                # field.name instead of field.attname (e.g. "user" instead of
                # "user_id") so that the object gets properly cached (and type
                # checked) by the RelatedObjectDescriptor.
                if rel_obj is not _DEFERRED:
                    _setattr(self, field.name, rel_obj)
            else:
                if val is not _DEFERRED:
                    _setattr(self, field.attname, val)
    
        if kwargs:
            property_names = opts._property_names
            unexpected = ()
            for prop, value in kwargs.items():
                # Any remaining kwargs must correspond to properties or virtual
                # fields.
                if prop in property_names:
                    if value is not _DEFERRED:
                        _setattr(self, prop, value)
                else:
                    try:
                        opts.get_field(prop)
                    except FieldDoesNotExist:
                        unexpected += (prop,)
                    else:
                        if value is not _DEFERRED:
                            _setattr(self, prop, value)
            if unexpected:
                unexpected_names = ", ".join(repr(n) for n in unexpected)
>               raise TypeError(
                    f"{cls.__name__}() got unexpected keyword arguments: "
                    f"{unexpected_names}"
                )
E               TypeError: MatchRecommendation() got unexpected keyword arguments: 'rank'

..\..\..\..\AppData\Roaming\Python\Python314\site-packages\django\db\models\base.py:567: TypeError
________________________ test_view_certificate_access _________________________

args = ()
keywargs = {'api_client': <rest_framework.test.APIClient object at 0x0000026DA5251090>, 'rider_user': (<User: rider>, <UserProfile: Rider (rider)>), 'helper_user': (<User: helper>, <UserProfile: Helper (helper)>, <Helper: Helper>)}

    @wraps(func)
    def patched(*args, **keywargs):
>       with self.decoration_helper(patched,
                                    args,
                                    keywargs) as (newargs, newkeywargs):

C:\Python314\Lib\unittest\mock.py:1429: 
_ _ _ _ _ _ _ _ _ _ _ _ _ _ _ _ _ _ _ _ _ _ _ _ _ _ _ _ _ _ _ _ _ _ _ _ _ _ _ _
C:\Python314\Lib\contextlib.py:141: in __enter__
    return next(self.gen)
           ^^^^^^^^^^^^^^
C:\Python314\Lib\unittest\mock.py:1411: in decoration_helper
    arg = exit_stack.enter_context(patching)
          ^^^^^^^^^^^^^^^^^^^^^^^^^^^^^^^^^^
C:\Python314\Lib\contextlib.py:530: in enter_context
    result = _enter(cm)
             ^^^^^^^^^^
C:\Python314\Lib\unittest\mock.py:1503: in __enter__
    original, local = self.get_original()
                      ^^^^^^^^^^^^^^^^^^^
_ _ _ _ _ _ _ _ _ _ _ _ _ _ _ _ _ _ _ _ _ _ _ _ _ _ _ _ _ _ _ _ _ _ _ _ _ _ _ _

self = <unittest.mock._patch object at 0x0000026DA9295C70>

    def get_original(self):
        target = self.getter()
        name = self.attribute
    
        original = DEFAULT
        local = False
    
        try:
            original = target.__dict__[name]
        except (AttributeError, KeyError):
            original = getattr(target, name, DEFAULT)
        else:
            local = True
    
        if name in _builtins and isinstance(target, ModuleType):
            self.create = True
    
        if not self.create and original is DEFAULT:
>           raise AttributeError(
                "%s does not have the attribute %r" % (target, name)
            )
E           AttributeError: <module 'rides.views' from 'C:\\Users\\nasha\\OneDrive\\zlaqa\\CareRide\\backend\\rides\\views.py'> does not have the attribute 'get_supabase'

C:\Python314\Lib\unittest\mock.py:1473: AttributeError
___________________ test_user_profile_serializer_completed ____________________

self = <django.db.backends.utils.CursorWrapper object at 0x0000026DAA6110D0>
sql = 'UPDATE "users_userprofile" SET "auth_user_id" = %s, "name" = %s, "email" = %s, "role" = %s, "phone_number" = %s, "add..., "emergency_contact_name" = %s, "emergency_contact_phone" = %s, "created_at" = %s WHERE "users_userprofile"."id" = %s'
params = ('00000000000000000000000000000001', 'Test', 'test@test.com', 'rider', '00000000-0000-0000-0000-000000000001', '', ...)
ignored_wrapper_args = (False, {'connection': <DatabaseWrapper vendor='sqlite' alias='default'>, 'cursor': <django.db.backends.utils.CursorWrapper object at 0x0000026DAA6110D0>})

    def _execute(self, sql, params, *ignored_wrapper_args):
        self.db.validate_no_broken_transaction()
        with self.db.wrap_database_errors:
            if params is None:
                # params default might be backend specific.
                return self.cursor.execute(sql)
            else:
>               return self.cursor.execute(sql, params)
                       ^^^^^^^^^^^^^^^^^^^^^^^^^^^^^^^^

..\..\..\..\AppData\Roaming\Python\Python314\site-packages\django\db\backends\utils.py:89: 
_ _ _ _ _ _ _ _ _ _ _ _ _ _ _ _ _ _ _ _ _ _ _ _ _ _ _ _ _ _ _ _ _ _ _ _ _ _ _ _

self = <django.db.backends.sqlite3.base.SQLiteCursorWrapper object at 0x0000026DAA65F250>
query = 'UPDATE "users_userprofile" SET "auth_user_id" = ?, "name" = ?, "email" = ?, "role" = ?, "phone_number" = ?, "address"... = ?, "emergency_contact_name" = ?, "emergency_contact_phone" = ?, "created_at" = ? WHERE "users_userprofile"."id" = ?'
params = ('00000000000000000000000000000001', 'Test', 'test@test.com', 'rider', '00000000-0000-0000-0000-000000000001', '', ...)

    def execute(self, query, params=None):
        if params is None:
            return super().execute(query)
        # Extract names if params is a mapping, i.e. "pyformat" style is used.
        param_names = list(params) if isinstance(params, Mapping) else None
        query = self.convert_query(query, param_names=param_names)
>       return super().execute(query, params)
               ^^^^^^^^^^^^^^^^^^^^^^^^^^^^^^
E       sqlite3.IntegrityError: NOT NULL constraint failed: users_userprofile.address

..\..\..\..\AppData\Roaming\Python\Python314\site-packages\django\db\backends\sqlite3\base.py:328: IntegrityError

The above exception was the direct cause of the following exception:

    @pytest.mark.django_db
    def test_user_profile_serializer_completed():
        profile = UserProfile.objects.create(email="test@test.com", auth_user_id="00000000-0000-0000-0000-000000000001", name="Test", phone_number="00000000-0000-0000-0000-000000000001", address="123 Main", role="rider")
        serializer = UserProfileSerializer(profile)
        assert serializer.data["profile_completed"] is True
    
        # Incomplete rider
        profile.address = None
>       profile.save()

tests\test_serializers.py:53: 
_ _ _ _ _ _ _ _ _ _ _ _ _ _ _ _ _ _ _ _ _ _ _ _ _ _ _ _ _ _ _ _ _ _ _ _ _ _ _ _
..\..\..\..\AppData\Roaming\Python\Python314\site-packages\django\db\models\base.py:814: in save
    self.save_base(
..\..\..\..\AppData\Roaming\Python\Python314\site-packages\django\db\models\base.py:877: in save_base
    updated = self._save_table(
..\..\..\..\AppData\Roaming\Python\Python314\site-packages\django\db\models\base.py:990: in _save_table
    updated = self._do_update(
..\..\..\..\AppData\Roaming\Python\Python314\site-packages\django\db\models\base.py:1054: in _do_update
    return filtered._update(values) > 0
           ^^^^^^^^^^^^^^^^^^^^^^^^
..\..\..\..\AppData\Roaming\Python\Python314\site-packages\django\db\models\query.py:1231: in _update
    return query.get_compiler(self.db).execute_sql(CURSOR)
           ^^^^^^^^^^^^^^^^^^^^^^^^^^^^^^^^^^^^^^^^^^^^^^^
..\..\..\..\AppData\Roaming\Python\Python314\site-packages\django\db\models\sql\compiler.py:1984: in execute_sql
    cursor = super().execute_sql(result_type)
             ^^^^^^^^^^^^^^^^^^^^^^^^^^^^^^^^
..\..\..\..\AppData\Roaming\Python\Python314\site-packages\django\db\models\sql\compiler.py:1562: in execute_sql
    cursor.execute(sql, params)
..\..\..\..\AppData\Roaming\Python\Python314\site-packages\django\db\backends\utils.py:67: in execute
    return self._execute_with_wrappers(
..\..\..\..\AppData\Roaming\Python\Python314\site-packages\django\db\backends\utils.py:80: in _execute_with_wrappers
    return executor(sql, params, many, context)
           ^^^^^^^^^^^^^^^^^^^^^^^^^^^^^^^^^^^^
..\..\..\..\AppData\Roaming\Python\Python314\site-packages\django\db\backends\utils.py:84: in _execute
    with self.db.wrap_database_errors:
         ^^^^^^^^^^^^^^^^^^^^^^^^^^^^
..\..\..\..\AppData\Roaming\Python\Python314\site-packages\django\db\utils.py:91: in __exit__
    raise dj_exc_value.with_traceback(traceback) from exc_value
..\..\..\..\AppData\Roaming\Python\Python314\site-packages\django\db\backends\utils.py:89: in _execute
    return self.cursor.execute(sql, params)
           ^^^^^^^^^^^^^^^^^^^^^^^^^^^^^^^^
_ _ _ _ _ _ _ _ _ _ _ _ _ _ _ _ _ _ _ _ _ _ _ _ _ _ _ _ _ _ _ _ _ _ _ _ _ _ _ _

self = <django.db.backends.sqlite3.base.SQLiteCursorWrapper object at 0x0000026DAA65F250>
query = 'UPDATE "users_userprofile" SET "auth_user_id" = ?, "name" = ?, "email" = ?, "role" = ?, "phone_number" = ?, "address"... = ?, "emergency_contact_name" = ?, "emergency_contact_phone" = ?, "created_at" = ? WHERE "users_userprofile"."id" = ?'
params = ('00000000000000000000000000000001', 'Test', 'test@test.com', 'rider', '00000000-0000-0000-0000-000000000001', '', ...)

    def execute(self, query, params=None):
        if params is None:
            return super().execute(query)
        # Extract names if params is a mapping, i.e. "pyformat" style is used.
        param_names = list(params) if isinstance(params, Mapping) else None
        query = self.convert_query(query, param_names=param_names)
>       return super().execute(query, params)
               ^^^^^^^^^^^^^^^^^^^^^^^^^^^^^^
E       django.db.utils.IntegrityError: NOT NULL constraint failed: users_userprofile.address

..\..\..\..\AppData\Roaming\Python\Python314\site-packages\django\db\backends\sqlite3\base.py:328: IntegrityError
_______________________ test_travel_request_serializer ________________________

    @pytest.mark.django_db
    def test_travel_request_serializer():
        # Test required fields and empty values
        serializer = TravelRequestSerializer(data={})
        assert not serializer.is_valid()
        assert "pickup_location" in serializer.errors
    
        # Assuming pickup_location max length is tested by Django automatically,
        # but we can test valid data here.
        serializer = TravelRequestSerializer(data={
            "pickup_location": "A",
            "destination": "B",
            "travel_date": "2026-07-10",
            "service_type": "Hospital visit",
            "assistance_type": "Wheelchair",
            "assistance_level": "Medium"
        })
>       assert serializer.is_valid()
E       AssertionError: assert False
E        +  where False = is_valid()
E        +    where is_valid = TravelRequestSerializer(data={'pickup_location': 'A', 'destination': 'B', 'travel_date': '2026-07-10', 'service_type':...)\n    created_at = DateTimeField(read_only=True)\n    rider = PrimaryKeyRelatedField(queryset=UserProfile.objects.all()).is_valid

tests\test_serializers.py:88: AssertionError
_____________________ test_registration_supabase_failure ______________________

mock_supabase = <MagicMock name='get_supabase' id='2670021929216'>
api_client = <rest_framework.test.APIClient object at 0x0000026DA98733E0>

    @pytest.mark.django_db
    @patch("users.views.get_supabase")
    def test_registration_supabase_failure(mock_supabase, api_client):
        mock_supabase.return_value = None
        payload = {
            "name": "New User",
            "email": "new@test.com",
            "password": "Password123!",
            "role": "rider"
        }
>       response = api_client.post("/api/register/", payload, format="json")
                   ^^^^^^^^^^^^^^^^^^^^^^^^^^^^^^^^^^^^^^^^^^^^^^^^^^^^^^^^^

tests\test_users.py:57: 
_ _ _ _ _ _ _ _ _ _ _ _ _ _ _ _ _ _ _ _ _ _ _ _ _ _ _ _ _ _ _ _ _ _ _ _ _ _ _ _
..\..\..\..\AppData\Roaming\Python\Python314\site-packages\rest_framework\test.py:283: in post
    response = super().post(
..\..\..\..\AppData\Roaming\Python\Python314\site-packages\rest_framework\test.py:197: in post
    return self.generic('POST', path, data, content_type, **extra)
           ^^^^^^^^^^^^^^^^^^^^^^^^^^^^^^^^^^^^^^^^^^^^^^^^^^^^^^^
..\..\..\..\AppData\Roaming\Python\Python314\site-packages\rest_framework\test.py:221: in generic
    return super().generic(
..\..\..\..\AppData\Roaming\Python\Python314\site-packages\django\test\client.py:609: in generic
    return self.request(**r)
           ^^^^^^^^^^^^^^^^^
..\..\..\..\AppData\Roaming\Python\Python314\site-packages\rest_framework\test.py:273: in request
    return super().request(**kwargs)
           ^^^^^^^^^^^^^^^^^^^^^^^^^
..\..\..\..\AppData\Roaming\Python\Python314\site-packages\rest_framework\test.py:225: in request
    request = super().request(**kwargs)
              ^^^^^^^^^^^^^^^^^^^^^^^^^
..\..\..\..\AppData\Roaming\Python\Python314\site-packages\django\test\client.py:886: in request
    response = self.handler(environ)
               ^^^^^^^^^^^^^^^^^^^^^
..\..\..\..\AppData\Roaming\Python\Python314\site-packages\django\test\client.py:176: in __call__
    response = self.get_response(request)
               ^^^^^^^^^^^^^^^^^^^^^^^^^^
..\..\..\..\AppData\Roaming\Python\Python314\site-packages\rest_framework\test.py:245: in get_response
    return super().get_response(request)
           ^^^^^^^^^^^^^^^^^^^^^^^^^^^^^
..\..\..\..\AppData\Roaming\Python\Python314\site-packages\django\core\handlers\base.py:143: in get_response
    log_response(
..\..\..\..\AppData\Roaming\Python\Python314\site-packages\django\utils\log.py:241: in log_response
    getattr(logger, level)(
C:\Python314\Lib\logging\__init__.py:1549: in error
    self._log(ERROR, msg, args, **kwargs)
C:\Python314\Lib\logging\__init__.py:1665: in _log
    self.handle(record)
C:\Python314\Lib\logging\__init__.py:1681: in handle
    self.callHandlers(record)
C:\Python314\Lib\logging\__init__.py:1737: in callHandlers
    hdlr.handle(record)
C:\Python314\Lib\logging\__init__.py:1027: in handle
    self.emit(record)
..\..\..\..\AppData\Roaming\Python\Python314\site-packages\django\utils\log.py:125: in emit
    reporter.get_traceback_text(),
    ^^^^^^^^^^^^^^^^^^^^^^^^^^^^^
..\..\..\..\AppData\Roaming\Python\Python314\site-packages\django\views\debug.py:418: in get_traceback_text
    return t.render(c)
           ^^^^^^^^^^^
..\..\..\..\AppData\Roaming\Python\Python314\site-packages\django\template\base.py:175: in render
    return self._render(context)
           ^^^^^^^^^^^^^^^^^^^^^
..\..\..\..\AppData\Roaming\Python\Python314\site-packages\django\test\utils.py:111: in instrumented_test_render
    template_rendered.send(sender=self, template=self, context=context)
..\..\..\..\AppData\Roaming\Python\Python314\site-packages\django\dispatch\dispatcher.py:177: in send
    (receiver, receiver(signal=self, sender=sender, **named))
               ^^^^^^^^^^^^^^^^^^^^^^^^^^^^^^^^^^^^^^^^^^^^^
..\..\..\..\AppData\Roaming\Python\Python314\site-packages\django\test\client.py:267: in store_rendered_templates
    store["context"].append(copy(context))
                            ^^^^^^^^^^^^^
C:\Python314\Lib\copy.py:82: in copy
    return copier(x)
           ^^^^^^^^^
..\..\..\..\AppData\Roaming\Python\Python314\site-packages\django\template\context.py:158: in __copy__
    duplicate = super().__copy__()
                ^^^^^^^^^^^^^^^^^^
_ _ _ _ _ _ _ _ _ _ _ _ _ _ _ _ _ _ _ _ _ _ _ _ _ _ _ _ _ _ _ _ _ _ _ _ _ _ _ _

self = [{'True': True, 'False': False, 'None': None}, {'is_email': True, 'unicode_hint': '', 'frames': [{'exc_cause': None, '...rver Error: /api/register/', 'lastframe': {'exc_cause': None, 'exc_cause_explicit': True, 'tb': None, 'type': 'user'}}]

    def __copy__(self):
        duplicate = copy(super())
>       duplicate.dicts = self.dicts[:]
        ^^^^^^^^^^^^^^^
E       AttributeError: 'super' object has no attribute 'dicts' and no __dict__ for setting new attributes

..\..\..\..\AppData\Roaming\Python\Python314\site-packages\django\template\context.py:39: AttributeError
__________________________ test_get_profile_success ___________________________

api_client = <rest_framework.test.APIClient object at 0x0000026DA97C4520>

    @pytest.mark.django_db
    def test_get_profile_success(api_client):
        UserProfile.objects.create(email="rider@test.com", name="Rider", role="rider", auth_user_id="00000000-0000-0000-0000-000000000002")
>       response = api_client.get("/api/my-profile/", {"email": "rider@test.com"})
                   ^^^^^^^^^^^^^^^^^^^^^^^^^^^^^^^^^^^^^^^^^^^^^^^^^^^^^^^^^^^^^^^

tests\test_users.py:101: 
_ _ _ _ _ _ _ _ _ _ _ _ _ _ _ _ _ _ _ _ _ _ _ _ _ _ _ _ _ _ _ _ _ _ _ _ _ _ _ _
..\..\..\..\AppData\Roaming\Python\Python314\site-packages\rest_framework\test.py:276: in get
    response = super().get(path, data=data, **extra)
               ^^^^^^^^^^^^^^^^^^^^^^^^^^^^^^^^^^^^^
..\..\..\..\AppData\Roaming\Python\Python314\site-packages\rest_framework\test.py:193: in get
    return self.generic('GET', path, **r)
           ^^^^^^^^^^^^^^^^^^^^^^^^^^^^^^
..\..\..\..\AppData\Roaming\Python\Python314\site-packages\rest_framework\test.py:221: in generic
    return super().generic(
..\..\..\..\AppData\Roaming\Python\Python314\site-packages\django\test\client.py:609: in generic
    return self.request(**r)
           ^^^^^^^^^^^^^^^^^
..\..\..\..\AppData\Roaming\Python\Python314\site-packages\rest_framework\test.py:273: in request
    return super().request(**kwargs)
           ^^^^^^^^^^^^^^^^^^^^^^^^^
..\..\..\..\AppData\Roaming\Python\Python314\site-packages\rest_framework\test.py:225: in request
    request = super().request(**kwargs)
              ^^^^^^^^^^^^^^^^^^^^^^^^^
..\..\..\..\AppData\Roaming\Python\Python314\site-packages\django\test\client.py:886: in request
    response = self.handler(environ)
               ^^^^^^^^^^^^^^^^^^^^^
..\..\..\..\AppData\Roaming\Python\Python314\site-packages\django\test\client.py:176: in __call__
    response = self.get_response(request)
               ^^^^^^^^^^^^^^^^^^^^^^^^^^
..\..\..\..\AppData\Roaming\Python\Python314\site-packages\rest_framework\test.py:245: in get_response
    return super().get_response(request)
           ^^^^^^^^^^^^^^^^^^^^^^^^^^^^^
..\..\..\..\AppData\Roaming\Python\Python314\site-packages\django\core\handlers\base.py:143: in get_response
    log_response(
..\..\..\..\AppData\Roaming\Python\Python314\site-packages\django\utils\log.py:241: in log_response
    getattr(logger, level)(
C:\Python314\Lib\logging\__init__.py:1549: in error
    self._log(ERROR, msg, args, **kwargs)
C:\Python314\Lib\logging\__init__.py:1665: in _log
    self.handle(record)
C:\Python314\Lib\logging\__init__.py:1681: in handle
    self.callHandlers(record)
C:\Python314\Lib\logging\__init__.py:1737: in callHandlers
    hdlr.handle(record)
C:\Python314\Lib\logging\__init__.py:1027: in handle
    self.emit(record)
..\..\..\..\AppData\Roaming\Python\Python314\site-packages\django\utils\log.py:125: in emit
    reporter.get_traceback_text(),
    ^^^^^^^^^^^^^^^^^^^^^^^^^^^^^
..\..\..\..\AppData\Roaming\Python\Python314\site-packages\django\views\debug.py:418: in get_traceback_text
    return t.render(c)
           ^^^^^^^^^^^
..\..\..\..\AppData\Roaming\Python\Python314\site-packages\django\template\base.py:175: in render
    return self._render(context)
           ^^^^^^^^^^^^^^^^^^^^^
..\..\..\..\AppData\Roaming\Python\Python314\site-packages\django\test\utils.py:111: in instrumented_test_render
    template_rendered.send(sender=self, template=self, context=context)
..\..\..\..\AppData\Roaming\Python\Python314\site-packages\django\dispatch\dispatcher.py:177: in send
    (receiver, receiver(signal=self, sender=sender, **named))
               ^^^^^^^^^^^^^^^^^^^^^^^^^^^^^^^^^^^^^^^^^^^^^
..\..\..\..\AppData\Roaming\Python\Python314\site-packages\django\test\client.py:267: in store_rendered_templates
    store["context"].append(copy(context))
                            ^^^^^^^^^^^^^
C:\Python314\Lib\copy.py:82: in copy
    return copier(x)
           ^^^^^^^^^
..\..\..\..\AppData\Roaming\Python\Python314\site-packages\django\template\context.py:158: in __copy__
    duplicate = super().__copy__()
                ^^^^^^^^^^^^^^^^^^
_ _ _ _ _ _ _ _ _ _ _ _ _ _ _ _ _ _ _ _ _ _ _ _ _ _ _ _ _ _ _ _ _ _ _ _ _ _ _ _

self = [{'True': True, 'False': False, 'None': None}, {'is_email': True, 'unicode_hint': '', 'frames': [{'exc_cause': None, '...er Error: /api/my-profile/', 'lastframe': {'exc_cause': None, 'exc_cause_explicit': True, 'tb': None, 'type': 'user'}}]

    def __copy__(self):
        duplicate = copy(super())
>       duplicate.dicts = self.dicts[:]
        ^^^^^^^^^^^^^^^
E       AttributeError: 'super' object has no attribute 'dicts' and no __dict__ for setting new attributes

..\..\..\..\AppData\Roaming\Python\Python314\site-packages\django\template\context.py:39: AttributeError
_______________________ test_get_profile_missing_email ________________________

api_client = <rest_framework.test.APIClient object at 0x0000026DA9753540>

    @pytest.mark.django_db
    def test_get_profile_missing_email(api_client):
>       response = api_client.get("/api/my-profile/")
                   ^^^^^^^^^^^^^^^^^^^^^^^^^^^^^^^^^^

tests\test_users.py:107: 
_ _ _ _ _ _ _ _ _ _ _ _ _ _ _ _ _ _ _ _ _ _ _ _ _ _ _ _ _ _ _ _ _ _ _ _ _ _ _ _
..\..\..\..\AppData\Roaming\Python\Python314\site-packages\rest_framework\test.py:276: in get
    response = super().get(path, data=data, **extra)
               ^^^^^^^^^^^^^^^^^^^^^^^^^^^^^^^^^^^^^
..\..\..\..\AppData\Roaming\Python\Python314\site-packages\rest_framework\test.py:193: in get
    return self.generic('GET', path, **r)
           ^^^^^^^^^^^^^^^^^^^^^^^^^^^^^^
..\..\..\..\AppData\Roaming\Python\Python314\site-packages\rest_framework\test.py:221: in generic
    return super().generic(
..\..\..\..\AppData\Roaming\Python\Python314\site-packages\django\test\client.py:609: in generic
    return self.request(**r)
           ^^^^^^^^^^^^^^^^^
..\..\..\..\AppData\Roaming\Python\Python314\site-packages\rest_framework\test.py:273: in request
    return super().request(**kwargs)
           ^^^^^^^^^^^^^^^^^^^^^^^^^
..\..\..\..\AppData\Roaming\Python\Python314\site-packages\rest_framework\test.py:225: in request
    request = super().request(**kwargs)
              ^^^^^^^^^^^^^^^^^^^^^^^^^
..\..\..\..\AppData\Roaming\Python\Python314\site-packages\django\test\client.py:886: in request
    response = self.handler(environ)
               ^^^^^^^^^^^^^^^^^^^^^
..\..\..\..\AppData\Roaming\Python\Python314\site-packages\django\test\client.py:176: in __call__
    response = self.get_response(request)
               ^^^^^^^^^^^^^^^^^^^^^^^^^^
..\..\..\..\AppData\Roaming\Python\Python314\site-packages\rest_framework\test.py:245: in get_response
    return super().get_response(request)
           ^^^^^^^^^^^^^^^^^^^^^^^^^^^^^
..\..\..\..\AppData\Roaming\Python\Python314\site-packages\django\core\handlers\base.py:143: in get_response
    log_response(
..\..\..\..\AppData\Roaming\Python\Python314\site-packages\django\utils\log.py:241: in log_response
    getattr(logger, level)(
C:\Python314\Lib\logging\__init__.py:1549: in error
    self._log(ERROR, msg, args, **kwargs)
C:\Python314\Lib\logging\__init__.py:1665: in _log
    self.handle(record)
C:\Python314\Lib\logging\__init__.py:1681: in handle
    self.callHandlers(record)
C:\Python314\Lib\logging\__init__.py:1737: in callHandlers
    hdlr.handle(record)
C:\Python314\Lib\logging\__init__.py:1027: in handle
    self.emit(record)
..\..\..\..\AppData\Roaming\Python\Python314\site-packages\django\utils\log.py:125: in emit
    reporter.get_traceback_text(),
    ^^^^^^^^^^^^^^^^^^^^^^^^^^^^^
..\..\..\..\AppData\Roaming\Python\Python314\site-packages\django\views\debug.py:418: in get_traceback_text
    return t.render(c)
           ^^^^^^^^^^^
..\..\..\..\AppData\Roaming\Python\Python314\site-packages\django\template\base.py:175: in render
    return self._render(context)
           ^^^^^^^^^^^^^^^^^^^^^
..\..\..\..\AppData\Roaming\Python\Python314\site-packages\django\test\utils.py:111: in instrumented_test_render
    template_rendered.send(sender=self, template=self, context=context)
..\..\..\..\AppData\Roaming\Python\Python314\site-packages\django\dispatch\dispatcher.py:177: in send
    (receiver, receiver(signal=self, sender=sender, **named))
               ^^^^^^^^^^^^^^^^^^^^^^^^^^^^^^^^^^^^^^^^^^^^^
..\..\..\..\AppData\Roaming\Python\Python314\site-packages\django\test\client.py:267: in store_rendered_templates
    store["context"].append(copy(context))
                            ^^^^^^^^^^^^^
C:\Python314\Lib\copy.py:82: in copy
    return copier(x)
           ^^^^^^^^^
..\..\..\..\AppData\Roaming\Python\Python314\site-packages\django\template\context.py:158: in __copy__
    duplicate = super().__copy__()
                ^^^^^^^^^^^^^^^^^^
_ _ _ _ _ _ _ _ _ _ _ _ _ _ _ _ _ _ _ _ _ _ _ _ _ _ _ _ _ _ _ _ _ _ _ _ _ _ _ _

self = [{'True': True, 'False': False, 'None': None}, {'is_email': True, 'unicode_hint': '', 'frames': [{'exc_cause': None, '...er Error: /api/my-profile/', 'lastframe': {'exc_cause': None, 'exc_cause_explicit': True, 'tb': None, 'type': 'user'}}]

    def __copy__(self):
        duplicate = copy(super())
>       duplicate.dicts = self.dicts[:]
        ^^^^^^^^^^^^^^^
E       AttributeError: 'super' object has no attribute 'dicts' and no __dict__ for setting new attributes

..\..\..\..\AppData\Roaming\Python\Python314\site-packages\django\template\context.py:39: AttributeError
___________________ test_update_profile_invalid_dob_future ____________________

api_client = <rest_framework.test.APIClient object at 0x0000026DA97505D0>

    @pytest.mark.django_db
    def test_update_profile_invalid_dob_future(api_client):
        UserProfile.objects.create(email="rider@test.com", name="Rider", auth_user_id="00000000-0000-0000-0000-000000000002")
        future_date = (date.today() + timedelta(days=1)).strftime("%Y-%m-%d")
>       response = api_client.put("/api/my-profile/?email=rider@test.com", {"date_of_birth": future_date}, format="json")
                   ^^^^^^^^^^^^^^^^^^^^^^^^^^^^^^^^^^^^^^^^^^^^^^^^^^^^^^^^^^^^^^^^^^^^^^^^^^^^^^^^^^^^^^^^^^^^^^^^^^^^^^

tests\test_users.py:115: 
_ _ _ _ _ _ _ _ _ _ _ _ _ _ _ _ _ _ _ _ _ _ _ _ _ _ _ _ _ _ _ _ _ _ _ _ _ _ _ _
..\..\..\..\AppData\Roaming\Python\Python314\site-packages\rest_framework\test.py:291: in put
    response = super().put(
..\..\..\..\AppData\Roaming\Python\Python314\site-packages\rest_framework\test.py:201: in put
    return self.generic('PUT', path, data, content_type, **extra)
           ^^^^^^^^^^^^^^^^^^^^^^^^^^^^^^^^^^^^^^^^^^^^^^^^^^^^^^
..\..\..\..\AppData\Roaming\Python\Python314\site-packages\rest_framework\test.py:221: in generic
    return super().generic(
..\..\..\..\AppData\Roaming\Python\Python314\site-packages\django\test\client.py:609: in generic
    return self.request(**r)
           ^^^^^^^^^^^^^^^^^
..\..\..\..\AppData\Roaming\Python\Python314\site-packages\rest_framework\test.py:273: in request
    return super().request(**kwargs)
           ^^^^^^^^^^^^^^^^^^^^^^^^^
..\..\..\..\AppData\Roaming\Python\Python314\site-packages\rest_framework\test.py:225: in request
    request = super().request(**kwargs)
              ^^^^^^^^^^^^^^^^^^^^^^^^^
..\..\..\..\AppData\Roaming\Python\Python314\site-packages\django\test\client.py:886: in request
    response = self.handler(environ)
               ^^^^^^^^^^^^^^^^^^^^^
..\..\..\..\AppData\Roaming\Python\Python314\site-packages\django\test\client.py:176: in __call__
    response = self.get_response(request)
               ^^^^^^^^^^^^^^^^^^^^^^^^^^
..\..\..\..\AppData\Roaming\Python\Python314\site-packages\rest_framework\test.py:245: in get_response
    return super().get_response(request)
           ^^^^^^^^^^^^^^^^^^^^^^^^^^^^^
..\..\..\..\AppData\Roaming\Python\Python314\site-packages\django\core\handlers\base.py:143: in get_response
    log_response(
..\..\..\..\AppData\Roaming\Python\Python314\site-packages\django\utils\log.py:241: in log_response
    getattr(logger, level)(
C:\Python314\Lib\logging\__init__.py:1549: in error
    self._log(ERROR, msg, args, **kwargs)
C:\Python314\Lib\logging\__init__.py:1665: in _log
    self.handle(record)
C:\Python314\Lib\logging\__init__.py:1681: in handle
    self.callHandlers(record)
C:\Python314\Lib\logging\__init__.py:1737: in callHandlers
    hdlr.handle(record)
C:\Python314\Lib\logging\__init__.py:1027: in handle
    self.emit(record)
..\..\..\..\AppData\Roaming\Python\Python314\site-packages\django\utils\log.py:125: in emit
    reporter.get_traceback_text(),
    ^^^^^^^^^^^^^^^^^^^^^^^^^^^^^
..\..\..\..\AppData\Roaming\Python\Python314\site-packages\django\views\debug.py:418: in get_traceback_text
    return t.render(c)
           ^^^^^^^^^^^
..\..\..\..\AppData\Roaming\Python\Python314\site-packages\django\template\base.py:175: in render
    return self._render(context)
           ^^^^^^^^^^^^^^^^^^^^^
..\..\..\..\AppData\Roaming\Python\Python314\site-packages\django\test\utils.py:111: in instrumented_test_render
    template_rendered.send(sender=self, template=self, context=context)
..\..\..\..\AppData\Roaming\Python\Python314\site-packages\django\dispatch\dispatcher.py:177: in send
    (receiver, receiver(signal=self, sender=sender, **named))
               ^^^^^^^^^^^^^^^^^^^^^^^^^^^^^^^^^^^^^^^^^^^^^
..\..\..\..\AppData\Roaming\Python\Python314\site-packages\django\test\client.py:267: in store_rendered_templates
    store["context"].append(copy(context))
                            ^^^^^^^^^^^^^
C:\Python314\Lib\copy.py:82: in copy
    return copier(x)
           ^^^^^^^^^
..\..\..\..\AppData\Roaming\Python\Python314\site-packages\django\template\context.py:158: in __copy__
    duplicate = super().__copy__()
                ^^^^^^^^^^^^^^^^^^
_ _ _ _ _ _ _ _ _ _ _ _ _ _ _ _ _ _ _ _ _ _ _ _ _ _ _ _ _ _ _ _ _ _ _ _ _ _ _ _

self = [{'True': True, 'False': False, 'None': None}, {'is_email': True, 'unicode_hint': '', 'frames': [{'exc_cause': None, '...er Error: /api/my-profile/', 'lastframe': {'exc_cause': None, 'exc_cause_explicit': True, 'tb': None, 'type': 'user'}}]

    def __copy__(self):
        duplicate = copy(super())
>       duplicate.dicts = self.dicts[:]
        ^^^^^^^^^^^^^^^
E       AttributeError: 'super' object has no attribute 'dicts' and no __dict__ for setting new attributes

..\..\..\..\AppData\Roaming\Python\Python314\site-packages\django\template\context.py:39: AttributeError
__________________ test_update_profile_invalid_dob_underage ___________________

api_client = <rest_framework.test.APIClient object at 0x0000026DA97C64C0>

    @pytest.mark.django_db
    def test_update_profile_invalid_dob_underage(api_client):
        UserProfile.objects.create(email="rider@test.com", name="Rider", auth_user_id="00000000-0000-0000-0000-000000000002")
        underage_date = (date.today() - timedelta(days=365*10)).strftime("%Y-%m-%d") # 10 years old
>       response = api_client.put("/api/my-profile/?email=rider@test.com", {"date_of_birth": underage_date}, format="json")
                   ^^^^^^^^^^^^^^^^^^^^^^^^^^^^^^^^^^^^^^^^^^^^^^^^^^^^^^^^^^^^^^^^^^^^^^^^^^^^^^^^^^^^^^^^^^^^^^^^^^^^^^^^

tests\test_users.py:123: 
_ _ _ _ _ _ _ _ _ _ _ _ _ _ _ _ _ _ _ _ _ _ _ _ _ _ _ _ _ _ _ _ _ _ _ _ _ _ _ _
..\..\..\..\AppData\Roaming\Python\Python314\site-packages\rest_framework\test.py:291: in put
    response = super().put(
..\..\..\..\AppData\Roaming\Python\Python314\site-packages\rest_framework\test.py:201: in put
    return self.generic('PUT', path, data, content_type, **extra)
           ^^^^^^^^^^^^^^^^^^^^^^^^^^^^^^^^^^^^^^^^^^^^^^^^^^^^^^
..\..\..\..\AppData\Roaming\Python\Python314\site-packages\rest_framework\test.py:221: in generic
    return super().generic(
..\..\..\..\AppData\Roaming\Python\Python314\site-packages\django\test\client.py:609: in generic
    return self.request(**r)
           ^^^^^^^^^^^^^^^^^
..\..\..\..\AppData\Roaming\Python\Python314\site-packages\rest_framework\test.py:273: in request
    return super().request(**kwargs)
           ^^^^^^^^^^^^^^^^^^^^^^^^^
..\..\..\..\AppData\Roaming\Python\Python314\site-packages\rest_framework\test.py:225: in request
    request = super().request(**kwargs)
              ^^^^^^^^^^^^^^^^^^^^^^^^^
..\..\..\..\AppData\Roaming\Python\Python314\site-packages\django\test\client.py:886: in request
    response = self.handler(environ)
               ^^^^^^^^^^^^^^^^^^^^^
..\..\..\..\AppData\Roaming\Python\Python314\site-packages\django\test\client.py:176: in __call__
    response = self.get_response(request)
               ^^^^^^^^^^^^^^^^^^^^^^^^^^
..\..\..\..\AppData\Roaming\Python\Python314\site-packages\rest_framework\test.py:245: in get_response
    return super().get_response(request)
           ^^^^^^^^^^^^^^^^^^^^^^^^^^^^^
..\..\..\..\AppData\Roaming\Python\Python314\site-packages\django\core\handlers\base.py:143: in get_response
    log_response(
..\..\..\..\AppData\Roaming\Python\Python314\site-packages\django\utils\log.py:241: in log_response
    getattr(logger, level)(
C:\Python314\Lib\logging\__init__.py:1549: in error
    self._log(ERROR, msg, args, **kwargs)
C:\Python314\Lib\logging\__init__.py:1665: in _log
    self.handle(record)
C:\Python314\Lib\logging\__init__.py:1681: in handle
    self.callHandlers(record)
C:\Python314\Lib\logging\__init__.py:1737: in callHandlers
    hdlr.handle(record)
C:\Python314\Lib\logging\__init__.py:1027: in handle
    self.emit(record)
..\..\..\..\AppData\Roaming\Python\Python314\site-packages\django\utils\log.py:125: in emit
    reporter.get_traceback_text(),
    ^^^^^^^^^^^^^^^^^^^^^^^^^^^^^
..\..\..\..\AppData\Roaming\Python\Python314\site-packages\django\views\debug.py:418: in get_traceback_text
    return t.render(c)
           ^^^^^^^^^^^
..\..\..\..\AppData\Roaming\Python\Python314\site-packages\django\template\base.py:175: in render
    return self._render(context)
           ^^^^^^^^^^^^^^^^^^^^^
..\..\..\..\AppData\Roaming\Python\Python314\site-packages\django\test\utils.py:111: in instrumented_test_render
    template_rendered.send(sender=self, template=self, context=context)
..\..\..\..\AppData\Roaming\Python\Python314\site-packages\django\dispatch\dispatcher.py:177: in send
    (receiver, receiver(signal=self, sender=sender, **named))
               ^^^^^^^^^^^^^^^^^^^^^^^^^^^^^^^^^^^^^^^^^^^^^
..\..\..\..\AppData\Roaming\Python\Python314\site-packages\django\test\client.py:267: in store_rendered_templates
    store["context"].append(copy(context))
                            ^^^^^^^^^^^^^
C:\Python314\Lib\copy.py:82: in copy
    return copier(x)
           ^^^^^^^^^
..\..\..\..\AppData\Roaming\Python\Python314\site-packages\django\template\context.py:158: in __copy__
    duplicate = super().__copy__()
                ^^^^^^^^^^^^^^^^^^
_ _ _ _ _ _ _ _ _ _ _ _ _ _ _ _ _ _ _ _ _ _ _ _ _ _ _ _ _ _ _ _ _ _ _ _ _ _ _ _

self = [{'True': True, 'False': False, 'None': None}, {'is_email': True, 'unicode_hint': '', 'frames': [{'exc_cause': None, '...er Error: /api/my-profile/', 'lastframe': {'exc_cause': None, 'exc_cause_explicit': True, 'tb': None, 'type': 'user'}}]

    def __copy__(self):
        duplicate = copy(super())
>       duplicate.dicts = self.dicts[:]
        ^^^^^^^^^^^^^^^
E       AttributeError: 'super' object has no attribute 'dicts' and no __dict__ for setting new attributes

..\..\..\..\AppData\Roaming\Python\Python314\site-packages\django\template\context.py:39: AttributeError
____________________ test_timeout_ride_completely_expired _____________________

base_data = (<UserProfile: Rider (rider)>, <Helper: Helper 1>, <Helper: Helper 2>)

    @pytest.mark.django_db
    def test_timeout_ride_completely_expired(base_data):
        profile, _, _ = base_data
        # Ride is in the past
        past_date = date.today() - timedelta(days=1)
    
        tr = TravelRequest.objects.create(
            rider=profile,
            travel_date=past_date,
            travel_time="10:00",
            status="AI Recommended"
        )
    
>       process_recommendation_timeouts(tr)

tests\test_workflow.py:31: 
_ _ _ _ _ _ _ _ _ _ _ _ _ _ _ _ _ _ _ _ _ _ _ _ _ _ _ _ _ _ _ _ _ _ _ _ _ _ _ _

travel_request = <TravelRequest: Rider |  \u2192 >

    def process_recommendation_timeouts(travel_request):
        """
        Evaluates whether the active AI recommendation has expired,
        and whether the travel request itself is past the ride time.
        Dynamically switches between Sequential and Urgent modes based on time remaining.
        """
        if travel_request.status not in [
            "AI Recommended",
            "Waiting for Helper Response",
            "Searching for another helper",
            "Waiting for another available helper",
            "Pending",
            "Urgent AI Recommended",
            "Open Dispatch",
            "Assigned"
        ]:
            return
    
        now = timezone.now()
    
        ride_datetime = None
        if travel_request.travel_date:
            if travel_request.travel_time:
                ride_datetime = timezone.make_aware(
>                   datetime.combine(travel_request.travel_date, travel_request.travel_time)
                )
E               TypeError: combine() argument 2 must be datetime.time, not str

rides\utils.py:31: TypeError
_________________________ test_urgent_ride_activation _________________________

base_data = (<UserProfile: Rider (rider)>, <Helper: Helper 1>, <Helper: Helper 2>)

    @pytest.mark.django_db
    def test_urgent_ride_activation(base_data):
        profile, helper1, helper2 = base_data
    
        # Ride is in 1 hour (urgent, < 2 hours)
        tr = TravelRequest.objects.create(
            rider=profile,
            travel_date=date.today(),
            travel_time=(timezone.now() + timedelta(hours=1)).time(),
            status="AI Recommended"
        )
    
        MatchRecommendation.objects.create(travel_request=tr, helper=helper1, status="Pending")
        MatchRecommendation.objects.create(travel_request=tr, helper=helper2, status="Pending")
    
        process_recommendation_timeouts(tr)
        tr.refresh_from_db()
    
        # It should activate open dispatch for all pending
>       assert tr.status == "Waiting for another available helper"
E       AssertionError: assert 'Expired' == 'Waiting for ...ilable helper'
E         
E         - Waiting for another available helper
E         + Expired

tests\test_workflow.py:80: AssertionError
============================== warnings summary ===============================
test_script.py:1
  C:\Users\nasha\OneDrive\zlaqa\CareRide\backend\test_script.py:1: FutureWarning: 
  
  All support for the `google.generativeai` package has ended. It will no longer be receiving 
  updates or bug fixes. Please switch to the `google.genai` package as soon as possible.
  See README for more details:
  
  https://github.com/google-gemini/deprecated-generative-ai-python/blob/main/README.md
  
    import google.generativeai as genai

..\..\..\..\AppData\Roaming\Python\Python314\site-packages\supabase_auth\timer.py:18
  C:\Users\nasha\AppData\Roaming\Python\Python314\site-packages\supabase_auth\timer.py:18: DeprecationWarning: 'asyncio.iscoroutinefunction' is deprecated and slated for removal in Python 3.16; use inspect.iscoroutinefunction() instead
    if asyncio.iscoroutinefunction(self._function):

tests/test_views.py::test_authenticated_helper_access
  C:\Users\nasha\AppData\Roaming\Python\Python314\site-packages\rest_framework\pagination.py:198: UnorderedObjectListWarning: Pagination may yield inconsistent results with an unordered object_list: <class 'helpers.models.Helper'> QuerySet.
    paginator = self.django_paginator_class(queryset, page_size)

-- Docs: https://docs.pytest.org/en/stable/how-to/capture-warnings.html
=========================== short test summary info ===========================
FAILED tests/test_ai_advanced.py::test_recommendation_with_helpers - assert 4...
FAILED tests/test_ai_advanced.py::test_recommendation_ai_failure - assert 403...
FAILED tests/test_ai_advanced.py::test_recommendation_missing_request - asser...
FAILED tests/test_ai_advanced.py::test_ai_chat_view_success - AttributeError:...
FAILED tests/test_ai_advanced.py::test_ai_chat_view_error - AttributeError: m...
FAILED tests/test_authentication.py::test_valid_jwt - AssertionError: assert ...
FAILED tests/test_rides.py::test_create_ride_success - assert 400 == 201
FAILED tests/test_rides.py::test_create_ride_incomplete_profile - django.core...
FAILED tests/test_rides.py::test_decline_ride - TypeError: MatchRecommendatio...
FAILED tests/test_rides.py::test_view_certificate_access - AttributeError: <m...
FAILED tests/test_serializers.py::test_user_profile_serializer_completed - dj...
FAILED tests/test_serializers.py::test_travel_request_serializer - AssertionE...
FAILED tests/test_users.py::test_registration_supabase_failure - AttributeErr...
FAILED tests/test_users.py::test_get_profile_success - AttributeError: 'super...
FAILED tests/test_users.py::test_get_profile_missing_email - AttributeError: ...
FAILED tests/test_users.py::test_update_profile_invalid_dob_future - Attribut...
FAILED tests/test_users.py::test_update_profile_invalid_dob_underage - Attrib...
FAILED tests/test_workflow.py::test_timeout_ride_completely_expired - TypeErr...
FAILED tests/test_workflow.py::test_urgent_ride_activation - AssertionError: ...
================= 19 failed, 30 passed, 3 warnings in 29.30s ==================
